// Jest Snapshot v1, https://goo.gl/fbAQLP

exports[`renders correctly 1`] = `
<View
  style={
    Object {
      "alignItems": "center",
      "backgroundColor": "#fff",
      "flex": 1,
      "justifyContent": "flex-start",
      "width": "100%",
    }
  }
>
  <View
    style={
      Object {
        "alignItems": "center",
        "backgroundColor": "#00aced",
        "flexDirection": "row",
        "height": 55,
        "justifyContent": "center",
        "width": "100%",
      }
    }
  >
    <View
      style={
        Object {
          "alignItems": "center",
          "width": 375,
        }
      }
    >
      <Text
        style={
          Object {
            "color": "white",
            "fontSize": 18,
          }
        }
      >
        Track Your Train
      </Text>
    </View>
  </View>
  <RCTScrollView
    contentContainerStyle={
      Object {
        "alignItems": "center",
        "paddingBottom": 10,
      }
    }
    showsVerticalScrollIndicator={false}
    style={
      Object {
        "backgroundColor": "#e8e8e8",
        "width": "100%",
      }
    }
  >
    <View>
      <View
        style={
          Array [
            Object {
              "alignItems": "center",
              "backgroundColor": "#fff",
              "flex": 1,
              "justifyContent": "flex-start",
              "width": "100%",
            },
            undefined,
          ]
        }
      >
        <ActivityIndicator
          animating={true}
          color="#0000ff"
          hidesWhenStopped={true}
          size="large"
        />
      </View>
    </View>
  </RCTScrollView>
  <View
    style={
      Object {
        "marginTop": "150%",
        "paddingLeft": "75%",
        "position": "absolute",
      }
    }
  >
    <View
      accessible={true}
      isTVSelectable={true}
      onResponderGrant={[Function]}
      onResponderMove={[Function]}
      onResponderRelease={[Function]}
      onResponderTerminate={[Function]}
      onResponderTerminationRequest={[Function]}
      onStartShouldSetResponder={[Function]}
      style={
        Object {
          "alignItems": "center",
          "backgroundColor": "red",
          "borderRadius": 28,
          "height": 52,
          "justifyContent": "center",
          "margin": 7,
          "shadowColor": "rgba(0,0,0, .4)",
          "shadowOffset": Object {
            "height": 1,
            "width": 1,
          },
          "shadowOpacity": 1,
          "shadowRadius": 1,
          "width": 52,
        }
      }
    >
      <Text
        allowFontScaling={false}
        style={
          Array [
            Object {
              "color": "white",
              "fontSize": 24,
            },
            Object {
              "backgroundColor": "transparent",
            },
            Object {
              "fontFamily": "Material Icons",
              "fontStyle": "normal",
              "fontWeight": "normal",
            },
            Object {},
          ]
        }
        testID="iconIcon"
      >
        î……
      </Text>
    </View>
  </View>
</View>
`;
